// Jest Snapshot v1, https://goo.gl/fbAQLP

exports[`<BottomAppBar /> renders correctly 1`] = `
Array [
  <div
    className="MuiPaper-root makeStyles-paper-2 MuiPaper-elevation1"
  >
    <h5
      className="MuiTypography-root makeStyles-text-1 MuiTypography-h5 MuiTypography-gutterBottom"
    >
      Inbox
    </h5>
    <ul
      className="MuiList-root makeStyles-list-3 MuiList-padding"
    >
      <li
        className="MuiListSubheader-root makeStyles-subheader-4 MuiListSubheader-sticky MuiListSubheader-gutters"
      >
        Today
      </li>
      <div
        aria-disabled={false}
        className="MuiButtonBase-root MuiListItem-root MuiListItem-gutters MuiListItem-button"
        onBlur={[Function]}
        onDragLeave={[Function]}
        onFocus={[Function]}
        onKeyDown={[Function]}
        onKeyUp={[Function]}
        onMouseDown={[Function]}
        onMouseLeave={[Function]}
        onMouseUp={[Function]}
        onTouchEnd={[Function]}
        onTouchMove={[Function]}
        onTouchStart={[Function]}
        role="button"
        tabIndex={0}
      >
        <div
          className="MuiListItemAvatar-root"
        >
          <div
            className="MuiAvatar-root MuiAvatar-circle"
          >
            <img
              alt="Profile Picture"
              className="MuiAvatar-img"
              src="/static/images/avatar/5.jpg"
            />
          </div>
        </div>
        <div
          className="MuiListItemText-root MuiListItemText-multiline"
        >
          <span
            className="MuiTypography-root MuiListItemText-primary MuiTypography-body1 MuiTypography-displayBlock"
          >
            Brunch this week?
          </span>
          <p
            className="MuiTypography-root MuiListItemText-secondary MuiTypography-body2 MuiTypography-colorTextSecondary MuiTypography-displayBlock"
          >
            I'll be in the neighbourhood this week. Let's grab a bite to eat
          </p>
        </div>
      </div>
      <div
        aria-disabled={false}
        className="MuiButtonBase-root MuiListItem-root MuiListItem-gutters MuiListItem-button"
        onBlur={[Function]}
        onDragLeave={[Function]}
        onFocus={[Function]}
        onKeyDown={[Function]}
        onKeyUp={[Function]}
        onMouseDown={[Function]}
        onMouseLeave={[Function]}
        onMouseUp={[Function]}
        onTouchEnd={[Function]}
        onTouchMove={[Function]}
        onTouchStart={[Function]}
        role="button"
        tabIndex={0}
      >
        <div
          className="MuiListItemAvatar-root"
        >
          <div
            className="MuiAvatar-root MuiAvatar-circle"
          >
            <img
              alt="Profile Picture"
              className="MuiAvatar-img"
              src="/static/images/avatar/1.jpg"
            />
          </div>
        </div>
        <div
          className="MuiListItemText-root MuiListItemText-multiline"
        >
          <span
            className="MuiTypography-root MuiListItemText-primary MuiTypography-body1 MuiTypography-displayBlock"
          >
            Birthday Gift
          </span>
          <p
            className="MuiTypography-root MuiListItemText-secondary MuiTypography-body2 MuiTypography-colorTextSecondary MuiTypography-displayBlock"
          >
            Do you have a suggestion for a good present for John on his work
      anniversary. I am really confused & would love your thoughts on it.
          </p>
        </div>
      </div>
      <li
        className="MuiListSubheader-root makeStyles-subheader-4 MuiListSubheader-sticky MuiListSubheader-gutters"
      >
        Yesterday
      </li>
      <div
        aria-disabled={false}
        className="MuiButtonBase-root MuiListItem-root MuiListItem-gutters MuiListItem-button"
        onBlur={[Function]}
        onDragLeave={[Function]}
        onFocus={[Function]}
        onKeyDown={[Function]}
        onKeyUp={[Function]}
        onMouseDown={[Function]}
        onMouseLeave={[Function]}
        onMouseUp={[Function]}
        onTouchEnd={[Function]}
        onTouchMove={[Function]}
        onTouchStart={[Function]}
        role="button"
        tabIndex={0}
      >
        <div
          className="MuiListItemAvatar-root"
        >
          <div
            className="MuiAvatar-root MuiAvatar-circle"
          >
            <img
              alt="Profile Picture"
              className="MuiAvatar-img"
              src="/static/images/avatar/2.jpg"
            />
          </div>
        </div>
        <div
          className="MuiListItemText-root MuiListItemText-multiline"
        >
          <span
            className="MuiTypography-root MuiListItemText-primary MuiTypography-body1 MuiTypography-displayBlock"
          >
            Recipe to try
          </span>
          <p
            className="MuiTypography-root MuiListItemText-secondary MuiTypography-body2 MuiTypography-colorTextSecondary MuiTypography-displayBlock"
          >
            I am try out this new BBQ recipe, I think this might be amazing
          </p>
        </div>
      </div>
      <div
        aria-disabled={false}
        className="MuiButtonBase-root MuiListItem-root MuiListItem-gutters MuiListItem-button"
        onBlur={[Function]}
        onDragLeave={[Function]}
        onFocus={[Function]}
        onKeyDown={[Function]}
        onKeyUp={[Function]}
        onMouseDown={[Function]}
        onMouseLeave={[Function]}
        onMouseUp={[Function]}
        onTouchEnd={[Function]}
        onTouchMove={[Function]}
        onTouchStart={[Function]}
        role="button"
        tabIndex={0}
      >
        <div
          className="MuiListItemAvatar-root"
        >
          <div
            className="MuiAvatar-root MuiAvatar-circle"
          >
            <img
              alt="Profile Picture"
              className="MuiAvatar-img"
              src="/static/images/avatar/3.jpg"
            />
          </div>
        </div>
        <div
          className="MuiListItemText-root MuiListItemText-multiline"
        >
          <span
            className="MuiTypography-root MuiListItemText-primary MuiTypography-body1 MuiTypography-displayBlock"
          >
            Yes!
          </span>
          <p
            className="MuiTypography-root MuiListItemText-secondary MuiTypography-body2 MuiTypography-colorTextSecondary MuiTypography-displayBlock"
          >
            I have the tickets to the ReactConf for this year.
          </p>
        </div>
      </div>
      <div
        aria-disabled={false}
        className="MuiButtonBase-root MuiListItem-root MuiListItem-gutters MuiListItem-button"
        onBlur={[Function]}
        onDragLeave={[Function]}
        onFocus={[Function]}
        onKeyDown={[Function]}
        onKeyUp={[Function]}
        onMouseDown={[Function]}
        onMouseLeave={[Function]}
        onMouseUp={[Function]}
        onTouchEnd={[Function]}
        onTouchMove={[Function]}
        onTouchStart={[Function]}
        role="button"
        tabIndex={0}
      >
        <div
          className="MuiListItemAvatar-root"
        >
          <div
            className="MuiAvatar-root MuiAvatar-circle"
          >
            <img
              alt="Profile Picture"
              className="MuiAvatar-img"
              src="/static/images/avatar/4.jpg"
            />
          </div>
        </div>
        <div
          className="MuiListItemText-root MuiListItemText-multiline"
        >
          <span
            className="MuiTypography-root MuiListItemText-primary MuiTypography-body1 MuiTypography-displayBlock"
          >
            Doctor's Appointment
          </span>
          <p
            className="MuiTypography-root MuiListItemText-secondary MuiTypography-body2 MuiTypography-colorTextSecondary MuiTypography-displayBlock"
          >
            My appointment for the doctor was rescheduled for next Saturday.
          </p>
        </div>
      </div>
      <div
        aria-disabled={false}
        className="MuiButtonBase-root MuiListItem-root MuiListItem-gutters MuiListItem-button"
        onBlur={[Function]}
        onDragLeave={[Function]}
        onFocus={[Function]}
        onKeyDown={[Function]}
        onKeyUp={[Function]}
        onMouseDown={[Function]}
        onMouseLeave={[Function]}
        onMouseUp={[Function]}
        onTouchEnd={[Function]}
        onTouchMove={[Function]}
        onTouchStart={[Function]}
        role="button"
        tabIndex={0}
      >
        <div
          className="MuiListItemAvatar-root"
        >
          <div
            className="MuiAvatar-root MuiAvatar-circle"
          >
            <img
              alt="Profile Picture"
              className="MuiAvatar-img"
              src="/static/images/avatar/5.jpg"
            />
          </div>
        </div>
        <div
          className="MuiListItemText-root MuiListItemText-multiline"
        >
          <span
            className="MuiTypography-root MuiListItemText-primary MuiTypography-body1 MuiTypography-displayBlock"
          >
            Discussion
          </span>
          <p
            className="MuiTypography-root MuiListItemText-secondary MuiTypography-body2 MuiTypography-colorTextSecondary MuiTypography-displayBlock"
          >
            Menus that are generated by the bottom app bar (such as a bottom
      navigation drawer or overflow menu) open as bottom sheets at a higher elevation
      than the bar.
          </p>
        </div>
      </div>
      <div
        aria-disabled={false}
        className="MuiButtonBase-root MuiListItem-root MuiListItem-gutters MuiListItem-button"
        onBlur={[Function]}
        onDragLeave={[Function]}
        onFocus={[Function]}
        onKeyDown={[Function]}
        onKeyUp={[Function]}
        onMouseDown={[Function]}
        onMouseLeave={[Function]}
        onMouseUp={[Function]}
        onTouchEnd={[Function]}
        onTouchMove={[Function]}
        onTouchStart={[Function]}
        role="button"
        tabIndex={0}
      >
        <div
          className="MuiListItemAvatar-root"
        >
          <div
            className="MuiAvatar-root MuiAvatar-circle"
          >
            <img
              alt="Profile Picture"
              className="MuiAvatar-img"
              src="/static/images/avatar/1.jpg"
            />
          </div>
        </div>
        <div
          className="MuiListItemText-root MuiListItemText-multiline"
        >
          <span
            className="MuiTypography-root MuiListItemText-primary MuiTypography-body1 MuiTypography-displayBlock"
          >
            Summer BBQ
          </span>
          <p
            className="MuiTypography-root MuiListItemText-secondary MuiTypography-body2 MuiTypography-colorTextSecondary MuiTypography-displayBlock"
          >
            Who wants to have a cookout this weekend? I just got some furniture
      for my backyard and would love to fire up the grill.
          </p>
        </div>
      </div>
    </ul>
  </div>,
  <header
    className="MuiPaper-root MuiAppBar-root MuiAppBar-positionFixed MuiAppBar-colorPrimary makeStyles-appBar-5 mui-fixed MuiPaper-elevation4"
  >
    <div
      className="MuiToolbar-root MuiToolbar-regular MuiToolbar-gutters"
    >
      <button
        aria-label="open drawer"
        className="MuiButtonBase-root MuiIconButton-root MuiIconButton-colorInherit MuiIconButton-edgeStart"
        disabled={false}
        onBlur={[Function]}
        onDragLeave={[Function]}
        onFocus={[Function]}
        onKeyDown={[Function]}
        onKeyUp={[Function]}
        onMouseDown={[Function]}
        onMouseLeave={[Function]}
        onMouseUp={[Function]}
        onTouchEnd={[Function]}
        onTouchMove={[Function]}
        onTouchStart={[Function]}
        tabIndex={0}
        type="button"
      >
        <span
          className="MuiIconButton-label"
        >
          <MenuIcon />
        </span>
      </button>
      <button
        aria-label="add"
        className="MuiButtonBase-root MuiFab-root makeStyles-fabButton-7 MuiFab-secondary"
        disabled={false}
        onBlur={[Function]}
        onDragLeave={[Function]}
        onFocus={[Function]}
        onKeyDown={[Function]}
        onKeyUp={[Function]}
        onMouseDown={[Function]}
        onMouseLeave={[Function]}
        onMouseUp={[Function]}
        onTouchEnd={[Function]}
        onTouchMove={[Function]}
        onTouchStart={[Function]}
        tabIndex={0}
        type="button"
      >
        <span
          className="MuiFab-label"
        >
          <svg
            aria-hidden={true}
            className="MuiSvgIcon-root"
            focusable="false"
            viewBox="0 0 24 24"
          >
            <path
              d="M19 13h-6v6h-2v-6H5v-2h6V5h2v6h6v2z"
            />
          </svg>
        </span>
      </button>
      <div
        className="makeStyles-grow-6"
      />
      <button
        className="MuiButtonBase-root MuiIconButton-root MuiIconButton-colorInherit"
        disabled={false}
        onBlur={[Function]}
        onDragLeave={[Function]}
        onFocus={[Function]}
        onKeyDown={[Function]}
        onKeyUp={[Function]}
        onMouseDown={[Function]}
        onMouseLeave={[Function]}
        onMouseUp={[Function]}
        onTouchEnd={[Function]}
        onTouchMove={[Function]}
        onTouchStart={[Function]}
        tabIndex={0}
        type="button"
      >
        <span
          className="MuiIconButton-label"
        >
          <svg
            aria-hidden={true}
            className="MuiSvgIcon-root"
            focusable="false"
            viewBox="0 0 24 24"
          >
            <path
              d="M15.5 14h-.79l-.28-.27C15.41 12.59 16 11.11 16 9.5 16 5.91 13.09 3 9.5 3S3 5.91 3 9.5 5.91 16 9.5 16c1.61 0 3.09-.59 4.23-1.57l.27.28v.79l5 4.99L20.49 19l-4.99-5zm-6 0C7.01 14 5 11.99 5 9.5S7.01 5 9.5 5 14 7.01 14 9.5 11.99 14 9.5 14z"
            />
          </svg>
        </span>
      </button>
      <button
        className="MuiButtonBase-root MuiIconButton-root MuiIconButton-colorInherit MuiIconButton-edgeEnd"
        disabled={false}
        onBlur={[Function]}
        onDragLeave={[Function]}
        onFocus={[Function]}
        onKeyDown={[Function]}
        onKeyUp={[Function]}
        onMouseDown={[Function]}
        onMouseLeave={[Function]}
        onMouseUp={[Function]}
        onTouchEnd={[Function]}
        onTouchMove={[Function]}
        onTouchStart={[Function]}
        tabIndex={0}
        type="button"
      >
        <span
          className="MuiIconButton-label"
        >
          <svg
            aria-hidden={true}
            className="MuiSvgIcon-root"
            focusable="false"
            viewBox="0 0 24 24"
          >
            <path
              d="M12 8c1.1 0 2-.9 2-2s-.9-2-2-2-2 .9-2 2 .9 2 2 2zm0 2c-1.1 0-2 .9-2 2s.9 2 2 2 2-.9 2-2-.9-2-2-2zm0 6c-1.1 0-2 .9-2 2s.9 2 2 2 2-.9 2-2-.9-2-2-2z"
            />
          </svg>
        </span>
      </button>
    </div>
  </header>,
]
`;
