// Jest Snapshot v1, https://goo.gl/fbAQLP

exports[`Login renders correctly 1`] = `
<main
  className="MuiGrid-root makeStyles-root-1 MuiGrid-container"
>
  <div
    className="MuiGrid-root makeStyles-image-2 MuiGrid-item MuiGrid-grid-sm-4 MuiGrid-grid-md-7"
  />
  <div
    className="MuiPaper-root MuiGrid-root MuiGrid-item MuiGrid-grid-xs-12 MuiGrid-grid-sm-8 MuiGrid-grid-md-5 MuiPaper-elevation6"
  >
    <div
      className="makeStyles-paper-3"
    >
      <div
        className="MuiAvatar-root MuiAvatar-circle makeStyles-avatar-4 MuiAvatar-colorDefault"
      >
        <svg
          aria-hidden={true}
          className="MuiSvgIcon-root"
          focusable="false"
          viewBox="0 0 24 24"
        >
          <path
            d="M18 8h-1V6c0-2.76-2.24-5-5-5S7 3.24 7 6v2H6c-1.1 0-2 .9-2 2v10c0 1.1.9 2 2 2h12c1.1 0 2-.9 2-2V10c0-1.1-.9-2-2-2zM9 6c0-1.66 1.34-3 3-3s3 1.34 3 3v2H9V6zm9 14H6V10h12v10zm-6-3c1.1 0 2-.9 2-2s-.9-2-2-2-2 .9-2 2 .9 2 2 2z"
          />
        </svg>
      </div>
      <h1
        className="MuiTypography-root MuiTypography-h5"
      >
        Iniciar sesión
      </h1>
      <form
        className="makeStyles-form-5"
        noValidate={true}
        onSubmit={[Function]}
      >
        <div
          className="MuiGrid-root MuiGrid-container MuiGrid-spacing-xs-2"
        >
          <div
            className="MuiGrid-root MuiGrid-item MuiGrid-grid-xs-12"
          >
            <div
              className="MuiFormControl-root MuiFormControl-fullWidth"
              xs={12}
            >
              <label
                className="MuiFormLabel-root MuiInputLabel-root MuiInputLabel-formControl MuiInputLabel-animated MuiInputLabel-outlined"
                data-shrink={false}
                htmlFor="email"
              >
                Correo electrónico
              </label>
              <div
                className="MuiInputBase-root MuiOutlinedInput-root MuiInputBase-formControl"
                onClick={[Function]}
              >
                <input
                  aria-invalid={false}
                  className="MuiInputBase-input MuiOutlinedInput-input"
                  disabled={false}
                  id="email"
                  onAnimationStart={[Function]}
                  onBlur={[Function]}
                  onChange={[Function]}
                  onFocus={[Function]}
                  required={false}
                  type="text"
                  value=""
                />
                <fieldset
                  aria-hidden={true}
                  className="PrivateNotchedOutline-root-7 MuiOutlinedInput-notchedOutline"
                >
                  <legend
                    className="PrivateNotchedOutline-legendLabelled-9"
                  >
                    <span>
                      Correo electrónico
                    </span>
                  </legend>
                </fieldset>
              </div>
            </div>
          </div>
          <div
            className="MuiGrid-root MuiGrid-item MuiGrid-grid-xs-12"
          >
            <div
              className="MuiFormControl-root MuiFormControl-fullWidth"
              xs={12}
            >
              <label
                className="MuiFormLabel-root MuiInputLabel-root MuiInputLabel-formControl MuiInputLabel-animated MuiInputLabel-outlined"
                data-shrink={false}
                htmlFor="outlined-adornment-password"
              >
                Contraseña
              </label>
              <div
                className="MuiInputBase-root MuiOutlinedInput-root MuiInputBase-formControl MuiInputBase-adornedEnd MuiOutlinedInput-adornedEnd"
                onClick={[Function]}
              >
                <input
                  aria-invalid={false}
                  className="MuiInputBase-input MuiOutlinedInput-input MuiInputBase-inputAdornedEnd MuiOutlinedInput-inputAdornedEnd"
                  disabled={false}
                  id="outlined-adornment-password"
                  onAnimationStart={[Function]}
                  onBlur={[Function]}
                  onChange={[Function]}
                  onFocus={[Function]}
                  required={false}
                  type="password"
                  value=""
                />
                <div
                  className="MuiInputAdornment-root MuiInputAdornment-positionEnd"
                >
                  <button
                    aria-label="toggle password visibility"
                    className="MuiButtonBase-root MuiIconButton-root MuiIconButton-edgeEnd"
                    disabled={false}
                    onBlur={[Function]}
                    onClick={[Function]}
                    onDragLeave={[Function]}
                    onFocus={[Function]}
                    onKeyDown={[Function]}
                    onKeyUp={[Function]}
                    onMouseDown={[Function]}
                    onMouseLeave={[Function]}
                    onMouseUp={[Function]}
                    onTouchEnd={[Function]}
                    onTouchMove={[Function]}
                    onTouchStart={[Function]}
                    tabIndex={0}
                    type="button"
                  >
                    <span
                      className="MuiIconButton-label"
                    >
                      <svg
                        aria-hidden={true}
                        className="MuiSvgIcon-root"
                        focusable="false"
                        viewBox="0 0 24 24"
                      >
                        <path
                          d="M12 7c2.76 0 5 2.24 5 5 0 .65-.13 1.26-.36 1.83l2.92 2.92c1.51-1.26 2.7-2.89 3.43-4.75-1.73-4.39-6-7.5-11-7.5-1.4 0-2.74.25-3.98.7l2.16 2.16C10.74 7.13 11.35 7 12 7zM2 4.27l2.28 2.28.46.46C3.08 8.3 1.78 10.02 1 12c1.73 4.39 6 7.5 11 7.5 1.55 0 3.03-.3 4.38-.84l.42.42L19.73 22 21 20.73 3.27 3 2 4.27zM7.53 9.8l1.55 1.55c-.05.21-.08.43-.08.65 0 1.66 1.34 3 3 3 .22 0 .44-.03.65-.08l1.55 1.55c-.67.33-1.41.53-2.2.53-2.76 0-5-2.24-5-5 0-.79.2-1.53.53-2.2zm4.31-.78l3.15 3.15.02-.16c0-1.66-1.34-3-3-3l-.17.01z"
                        />
                      </svg>
                    </span>
                  </button>
                </div>
                <fieldset
                  aria-hidden={true}
                  className="PrivateNotchedOutline-root-7 MuiOutlinedInput-notchedOutline"
                >
                  <legend
                    className="PrivateNotchedOutline-legendLabelled-9"
                  >
                    <span>
                      Contraseña
                    </span>
                  </legend>
                </fieldset>
              </div>
            </div>
          </div>
          <label
            className="MuiFormControlLabel-root"
          >
            <span
              aria-disabled={false}
              className="MuiButtonBase-root MuiIconButton-root PrivateSwitchBase-root-11 MuiCheckbox-root MuiCheckbox-colorPrimary MuiIconButton-colorPrimary"
              onBlur={[Function]}
              onDragLeave={[Function]}
              onFocus={[Function]}
              onKeyDown={[Function]}
              onKeyUp={[Function]}
              onMouseDown={[Function]}
              onMouseLeave={[Function]}
              onMouseUp={[Function]}
              onTouchEnd={[Function]}
              onTouchMove={[Function]}
              onTouchStart={[Function]}
              tabIndex={null}
            >
              <span
                className="MuiIconButton-label"
              >
                <input
                  className="PrivateSwitchBase-input-14"
                  data-indeterminate={false}
                  onChange={[Function]}
                  type="checkbox"
                  value="remember"
                />
                <svg
                  aria-hidden={true}
                  className="MuiSvgIcon-root"
                  focusable="false"
                  viewBox="0 0 24 24"
                >
                  <path
                    d="M19 5v14H5V5h14m0-2H5c-1.1 0-2 .9-2 2v14c0 1.1.9 2 2 2h14c1.1 0 2-.9 2-2V5c0-1.1-.9-2-2-2z"
                  />
                </svg>
              </span>
            </span>
            <span
              className="MuiTypography-root MuiFormControlLabel-label MuiTypography-body1"
            >
              Recuérdame
            </span>
          </label>
          <button
            className="MuiButtonBase-root MuiButton-root MuiButton-contained makeStyles-submit-6 MuiButton-containedPrimary MuiButton-fullWidth"
            disabled={false}
            onBlur={[Function]}
            onDragLeave={[Function]}
            onFocus={[Function]}
            onKeyDown={[Function]}
            onKeyUp={[Function]}
            onMouseDown={[Function]}
            onMouseLeave={[Function]}
            onMouseUp={[Function]}
            onTouchEnd={[Function]}
            onTouchMove={[Function]}
            onTouchStart={[Function]}
            tabIndex={0}
            type="submit"
          >
            <span
              className="MuiButton-label"
            >
              Inicia sesión
            </span>
          </button>
          <div
            className="MuiGrid-root MuiGrid-container"
          >
            <div
              className="MuiGrid-root MuiGrid-item MuiGrid-grid-xs-true"
            >
              <a
                className="MuiTypography-root MuiLink-root MuiLink-underlineHover MuiTypography-body2 MuiTypography-colorPrimary"
                href="#"
                onBlur={[Function]}
                onFocus={[Function]}
              >
                ¿Olvidaste tu contraseña?
              </a>
            </div>
            <div
              className="MuiGrid-root MuiGrid-item"
            >
              <a
                className="MuiTypography-root MuiLink-root MuiLink-underlineHover MuiTypography-body2 MuiTypography-colorPrimary"
                href="#"
                onBlur={[Function]}
                onFocus={[Function]}
              >
                ¿No tienes cuenta? Regístrate
              </a>
            </div>
          </div>
          <div
            className="MuiBox-root MuiBox-root-15"
          >
            <p
              className="MuiTypography-root MuiTypography-body2 MuiTypography-colorTextSecondary MuiTypography-alignCenter"
            >
              Copyright © 
              <a
                className="MuiTypography-root MuiLink-root MuiLink-underlineHover MuiTypography-colorInherit"
                href="https://prixelart.com/"
                onBlur={[Function]}
                onFocus={[Function]}
              >
                prixelart.com
              </a>
               
              2020
              .
            </p>
          </div>
        </div>
      </form>
    </div>
  </div>
</main>
`;
